Flutter crash report.
Please report a bug at https://github.com/flutter/flutter/issues.

## command

flutter run -d chrome

## exception

ProcessException: ProcessException: An Application Control policy has blocked this file (at ../../runtime/bin/process_win.cc:577)
  Command: C:\flutter\bin\cache\artifacts\engine\windows-x64\impellerc.exe --sksl --iplr --json --sl=build\flutter_assets\shaders/ink_sparkle.frag --spirv=build\flutter_assets\shaders/ink_sparkle.frag.spirv --input=C:\flutter\packages\flutter\lib\src\material\shaders\ink_sparkle.frag --input-type=frag --include=C:\flutter\packages\flutter\lib\src\material\shaders --include=C:\flutter\bin\cache\artifacts\engine\windows-x64\shader_lib

```
#0      _ProcessImpl._start (dart:io-patch/process_patch.dart:411:33)
#1      Process.start (dart:io-patch/process_patch.dart:42:20)
#2      _runNonInteractiveProcess (dart:io-patch/process_patch.dart:613:18)
#3      Process.run (dart:io-patch/process_patch.dart:56:12)
#4      LocalProcessManager.run (package:process/src/interface/local_process_manager.dart:72:22)
#5      ErrorHandlingProcessManager.run.<anonymous closure> (package:flutter_tools/src/base/error_handling_io.dart:1217:26)
#6      _run (package:flutter_tools/src/base/error_handling_io.dart:1050:22)
#7      ErrorHandlingProcessManager.run (package:flutter_tools/src/base/error_handling_io.dart:1215:12)
#8      ShaderCompiler.compileShader (package:flutter_tools/src/build_system/tools/shader_compiler.dart:195:56)
#9      writeBundle.<anonymous closure> (package:flutter_tools/src/bundle_builder.dart:227:46)
<asynchronous suspension>
#10     Future.wait.<anonymous closure> (dart:async/future.dart:546:21)
<asynchronous suspension>
#11     writeBundle (package:flutter_tools/src/bundle_builder.dart:171:3)
<asynchronous suspension>
#12     WebDevFS.update (package:flutter_tools/src/isolated/devfs_web.dart:342:9)
<asynchronous suspension>
#13     ResidentWebRunner._updateDevFS (package:flutter_tools/src/isolated/resident_web_runner.dart:804:35)
<asynchronous suspension>
#14     ResidentWebRunner.run.<anonymous closure> (package:flutter_tools/src/isolated/resident_web_runner.dart:330:41)
<asynchronous suspension>
#15     asyncGuard.<anonymous closure> (package:flutter_tools/src/base/async_guard.dart:108:24)
<asynchronous suspension>
```

## flutter doctor

```
[✓] Flutter (Channel stable, 3.44.9, on Microsoft Windows [Version 10.0.26200.9168], locale en-IN) [732ms]
    • Flutter version 3.44.9 on channel stable at C:\flutter
    • Upstream repository https://github.com/flutter/flutter.git
    • Framework revision 6b182d2c75 (3 weeks ago), 2026-08-05 10:04:07 -0700
    • Engine revision 5a2a6a42cc
    • Dart version 3.12.2
    • DevTools version 2.57.0
    • Feature flags: enable-web, enable-linux-desktop, enable-macos-desktop, enable-windows-desktop, enable-android, enable-ios, cli-animations, enable-native-assets, enable-swift-package-manager, omit-legacy-version-file, enable-lldb-debugging, enable-uiscene-migration

[✓] Windows Version (Windows 11 or higher, 25H2, 2009) [3.2s]

[✓] Android toolchain - develop for Android devices (Android SDK version 37.0.0) [6.6s]
    • Android SDK at C:\Users\boopa\AppData\Local\Android\sdk
    • Emulator version 36.6.11.0 (build_id 15507667) (CL:N/A)
    • Platform android-CANARY, build-tools 37.0.0
    • Java binary at: C:\Program Files\Android\Android Studio\jbr\bin\java
      This is the JDK bundled with the latest Android Studio installation on this machine.
      To manually set the JDK path, use: `flutter config --jdk-dir="path/to/jdk"`.
    • Java version OpenJDK Runtime Environment (build 21.0.10+-14961533-b1163.108)
    • All Android licenses accepted.

[✓] Chrome - develop for the web [29ms]
    • Chrome at C:\Program Files\Google\Chrome\Application\chrome.exe

[✗] Visual Studio - develop Windows apps [26ms]
    ✗ Visual Studio not installed; this is necessary to develop Windows apps.
      Download at https://visualstudio.microsoft.com/downloads/.
      Please install the "Desktop development with C++" workload, including all of its default components

[✓] Connected device (3 available) [722ms]
    • Windows (desktop) • windows • windows-x64    • Microsoft Windows [Version 10.0.26200.9168]
    • Chrome (web)      • chrome  • web-javascript • Google Chrome 152.0.7977.64
    • Edge (web)        • edge    • web-javascript • Microsoft Edge 151.0.4129.107

[✓] Network resources [1,410ms]
    • All expected network resources are available.

! Doctor found issues in 1 category.
```
